src/app/archimedes/page.tsx(399,74): error TS2339: Property 'maxRange' does not exist on type '{ count: number; unknownVariable: any; operationMode: any; maxRange: number; } | { count: number; tables: number[]; unknownVariable: any; shuffle: boolean; } | { count: number; level: any; maxRange: number; operationMode: any; } | { ...; } | { ...; }'.
  Property 'maxRange' does not exist on type '{ count: number; tables: number[]; unknownVariable: any; shuffle: boolean; }'.
src/app/archimedes/page.tsx(403,61): error TS2339: Property 'unknownVariable' does not exist on type '{ count: number; unknownVariable: any; operationMode: any; maxRange: number; } | { count: number; tables: number[]; unknownVariable: any; shuffle: boolean; } | { count: number; level: any; maxRange: number; operationMode: any; } | { ...; } | { ...; }'.
  Property 'unknownVariable' does not exist on type '{ count: number; level: any; maxRange: number; operationMode: any; }'.
src/app/archimedes/page.tsx(415,65): error TS2339: Property 'operationMode' does not exist on type '{ count: number; unknownVariable: any; operationMode: any; maxRange: number; } | { count: number; tables: number[]; unknownVariable: any; shuffle: boolean; } | { count: number; level: any; maxRange: number; operationMode: any; } | { ...; } | { ...; }'.
  Property 'operationMode' does not exist on type '{ count: number; tables: number[]; unknownVariable: any; shuffle: boolean; }'.
src/app/archimedes/page.tsx(431,91): error TS2339: Property 'tables' does not exist on type '{ count: number; unknownVariable: any; operationMode: any; maxRange: number; } | { count: number; tables: number[]; unknownVariable: any; shuffle: boolean; } | { count: number; level: any; maxRange: number; operationMode: any; } | { ...; } | { ...; }'.
  Property 'tables' does not exist on type '{ count: number; unknownVariable: any; operationMode: any; maxRange: number; }'.
src/app/archimedes/page.tsx(432,78): error TS2339: Property 'tables' does not exist on type '{ count: number; unknownVariable: any; operationMode: any; maxRange: number; } | { count: number; tables: number[]; unknownVariable: any; shuffle: boolean; } | { count: number; level: any; maxRange: number; operationMode: any; } | { ...; } | { ...; }'.
  Property 'tables' does not exist on type '{ count: number; unknownVariable: any; operationMode: any; maxRange: number; }'.
src/app/archimedes/page.tsx(432,106): error TS2339: Property 'tables' does not exist on type '{ count: number; unknownVariable: any; operationMode: any; maxRange: number; } | { count: number; tables: number[]; unknownVariable: any; shuffle: boolean; } | { count: number; level: any; maxRange: number; operationMode: any; } | { ...; } | { ...; }'.
  Property 'tables' does not exist on type '{ count: number; unknownVariable: any; operationMode: any; maxRange: number; }'.
src/app/archimedes/page.tsx(441,63): error TS2339: Property 'unknownVariable' does not exist on type '{ count: number; unknownVariable: any; operationMode: any; maxRange: number; } | { count: number; tables: number[]; unknownVariable: any; shuffle: boolean; } | { count: number; level: any; maxRange: number; operationMode: any; } | { ...; } | { ...; }'.
  Property 'unknownVariable' does not exist on type '{ count: number; level: any; maxRange: number; operationMode: any; }'.
src/app/archimedes/page.tsx(451,83): error TS2339: Property 'shuffle' does not exist on type '{ count: number; unknownVariable: any; operationMode: any; maxRange: number; } | { count: number; tables: number[]; unknownVariable: any; shuffle: boolean; } | { count: number; level: any; maxRange: number; operationMode: any; } | { ...; } | { ...; }'.
  Property 'shuffle' does not exist on type '{ count: number; unknownVariable: any; operationMode: any; maxRange: number; }'.
src/app/archimedes/page.tsx(462,61): error TS2339: Property 'level' does not exist on type '{ count: number; unknownVariable: any; operationMode: any; maxRange: number; } | { count: number; tables: number[]; unknownVariable: any; shuffle: boolean; } | { count: number; level: any; maxRange: number; operationMode: any; } | { ...; } | { ...; }'.
  Property 'level' does not exist on type '{ count: number; unknownVariable: any; operationMode: any; maxRange: number; }'.
src/app/archimedes/page.tsx(473,74): error TS2339: Property 'maxRange' does not exist on type '{ count: number; unknownVariable: any; operationMode: any; maxRange: number; } | { count: number; tables: number[]; unknownVariable: any; shuffle: boolean; } | { count: number; level: any; maxRange: number; operationMode: any; } | { ...; } | { ...; }'.
  Property 'maxRange' does not exist on type '{ count: number; tables: number[]; unknownVariable: any; shuffle: boolean; }'.
src/app/archimedes/page.tsx(477,65): error TS2339: Property 'operationMode' does not exist on type '{ count: number; unknownVariable: any; operationMode: any; maxRange: number; } | { count: number; tables: number[]; unknownVariable: any; shuffle: boolean; } | { count: number; level: any; maxRange: number; operationMode: any; } | { ...; } | { ...; }'.
  Property 'operationMode' does not exist on type '{ count: number; tables: number[]; unknownVariable: any; shuffle: boolean; }'.
src/app/archimedes/page.tsx(491,65): error TS2339: Property 'operation' does not exist on type '{ count: number; unknownVariable: any; operationMode: any; maxRange: number; } | { count: number; tables: number[]; unknownVariable: any; shuffle: boolean; } | { count: number; level: any; maxRange: number; operationMode: any; } | { ...; } | { ...; }'.
  Property 'operation' does not exist on type '{ count: number; unknownVariable: any; operationMode: any; maxRange: number; }'.
src/app/archimedes/page.tsx(499,61): error TS2339: Property 'digits' does not exist on type '{ count: number; unknownVariable: any; operationMode: any; maxRange: number; } | { count: number; tables: number[]; unknownVariable: any; shuffle: boolean; } | { count: number; level: any; maxRange: number; operationMode: any; } | { ...; } | { ...; }'.
  Property 'digits' does not exist on type '{ count: number; unknownVariable: any; operationMode: any; maxRange: number; }'.
src/app/archimedes/page.tsx(510,63): error TS2339: Property 'hasCarry' does not exist on type '{ count: number; unknownVariable: any; operationMode: any; maxRange: number; } | { count: number; tables: number[]; unknownVariable: any; shuffle: boolean; } | { count: number; level: any; maxRange: number; operationMode: any; } | { ...; } | { ...; }'.
  Property 'hasCarry' does not exist on type '{ count: number; unknownVariable: any; operationMode: any; maxRange: number; }'.
src/app/archimedes/page.tsx(514,61): error TS2339: Property 'hideTarget' does not exist on type '{ count: number; unknownVariable: any; operationMode: any; maxRange: number; } | { count: number; tables: number[]; unknownVariable: any; shuffle: boolean; } | { count: number; level: any; maxRange: number; operationMode: any; } | { ...; } | { ...; }'.
  Property 'hideTarget' does not exist on type '{ count: number; unknownVariable: any; operationMode: any; maxRange: number; }'.
src/app/archimedes/page.tsx(528,78): error TS2339: Property 'rangeN1' does not exist on type '{ count: number; unknownVariable: any; operationMode: any; maxRange: number; } | { count: number; tables: number[]; unknownVariable: any; shuffle: boolean; } | { count: number; level: any; maxRange: number; operationMode: any; } | { ...; } | { ...; }'.
  Property 'rangeN1' does not exist on type '{ count: number; unknownVariable: any; operationMode: any; maxRange: number; }'.
src/app/archimedes/page.tsx(529,78): error TS2339: Property 'rangeN1' does not exist on type '{ count: number; unknownVariable: any; operationMode: any; maxRange: number; } | { count: number; tables: number[]; unknownVariable: any; shuffle: boolean; } | { count: number; level: any; maxRange: number; operationMode: any; } | { ...; } | { ...; }'.
  Property 'rangeN1' does not exist on type '{ count: number; unknownVariable: any; operationMode: any; maxRange: number; }'.
src/app/archimedes/page.tsx(535,78): error TS2339: Property 'rangeResult' does not exist on type '{ count: number; unknownVariable: any; operationMode: any; maxRange: number; } | { count: number; tables: number[]; unknownVariable: any; shuffle: boolean; } | { count: number; level: any; maxRange: number; operationMode: any; } | { ...; } | { ...; }'.
  Property 'rangeResult' does not exist on type '{ count: number; unknownVariable: any; operationMode: any; maxRange: number; }'.
src/app/archimedes/page.tsx(536,78): error TS2339: Property 'rangeResult' does not exist on type '{ count: number; unknownVariable: any; operationMode: any; maxRange: number; } | { count: number; tables: number[]; unknownVariable: any; shuffle: boolean; } | { count: number; level: any; maxRange: number; operationMode: any; } | { ...; } | { ...; }'.
  Property 'rangeResult' does not exist on type '{ count: number; unknownVariable: any; operationMode: any; maxRange: number; }'.
src/app/archimedes/page.tsx(548,61): error TS2339: Property 'cycleLength' does not exist on type '{ count: number; unknownVariable: any; operationMode: any; maxRange: number; } | { count: number; tables: number[]; unknownVariable: any; shuffle: boolean; } | { count: number; level: any; maxRange: number; operationMode: any; } | { ...; } | { ...; }'.
  Property 'cycleLength' does not exist on type '{ count: number; unknownVariable: any; operationMode: any; maxRange: number; }'.
src/app/archimedes/page.tsx(558,74): error TS2339: Property 'maxCycleSum' does not exist on type '{ count: number; unknownVariable: any; operationMode: any; maxRange: number; } | { count: number; tables: number[]; unknownVariable: any; shuffle: boolean; } | { count: number; level: any; maxRange: number; operationMode: any; } | { ...; } | { ...; }'.
  Property 'maxCycleSum' does not exist on type '{ count: number; unknownVariable: any; operationMode: any; maxRange: number; }'.
src/components/ui/calendar.tsx(57,9): error TS2353: Object literal may only specify known properties, and 'IconLeft' does not exist in type 'Partial<CustomComponents>'.
src/components/ui/calendar.tsx(57,22): error TS7031: Binding element 'className' implicitly has an 'any' type.
src/components/ui/calendar.tsx(60,23): error TS7031: Binding element 'className' implicitly has an 'any' type.
